// Jest Snapshot v1, https://goo.gl/fbAQLP

exports[`ForgotPassword Should successfully render 1`] = `
<div
  className="forgot-password"
>
  <div
    className="ant-row ant-row-center"
    style={Object {}}
  >
    <div
      className="ant-col img-block ant-col-xs-0 ant-col-sm-0 ant-col-md-10 ant-col-lg-8 ant-col-xl-8 ant-col-xxl-6"
      style={Object {}}
    >
      <img
        alt="Welcome on portal"
        src="https://i.imgflip.com/5jwx15.jpg"
      />
    </div>
    <div
      className="ant-col form-block ant-col-xs-24 ant-col-sm-24 ant-col-md-10 ant-col-lg-8 ant-col-xl-8 ant-col-xxl-6"
      style={Object {}}
    >
      <div
        className="ant-col ant-col-18"
        style={Object {}}
      >
        <h3
          className="ant-typography title"
          style={
            Object {
              "WebkitLineClamp": undefined,
            }
          }
        >
          Forgot Your Password?
        </h3>
        <span
          className="ant-typography ant-typography-secondary secondary-text"
          style={
            Object {
              "WebkitLineClamp": undefined,
            }
          }
        >
          We get it, stuff hapens. Just enter your email address below and we\`ll send you a link to reset your password!
        </span>
        <form
          className="ant-form ant-form-horizontal"
          onReset={[Function]}
          onSubmit={[Function]}
        >
          <div
            className="ant-row ant-form-item"
            style={Object {}}
          >
            <div
              className="ant-col ant-form-item-control"
              style={Object {}}
            >
              <div
                className="ant-form-item-control-input"
              >
                <div
                  className="ant-form-item-control-input-content"
                >
                  <input
                    className="ant-input email"
                    name="email"
                    onBlur={[Function]}
                    onChange={[Function]}
                    onFocus={[Function]}
                    onKeyDown={[Function]}
                    placeholder="Enter Email Address..."
                    type="text"
                    value=""
                  />
                  
                </div>
              </div>
            </div>
          </div>
          <div
            className="ant-row ant-form-item"
            style={Object {}}
          >
            <div
              className="ant-col ant-form-item-control"
              style={Object {}}
            >
              <div
                className="ant-form-item-control-input"
              >
                <div
                  className="ant-form-item-control-input-content"
                >
                  <button
                    className="ant-btn ant-btn-primary ant-btn-round ant-btn-block reset-password"
                    onClick={[Function]}
                    type="submit"
                  >
                    <span>
                      Reset Password
                    </span>
                  </button>
                </div>
              </div>
            </div>
          </div>
          <hr
            className="line"
          />
          <div
            className="footer"
          >
            <a
              aria-current={null}
              href="/sign-out"
              onClick={[Function]}
            >
              Create an Account
            </a>
            <a
              aria-current={null}
              href="/sign-in"
              onClick={[Function]}
            >
              Already have an account? Login!
            </a>
          </div>
        </form>
      </div>
    </div>
  </div>
</div>
`;
