// Jest Snapshot v1, https://goo.gl/fbAQLP

exports[`ComingSoon Should successfully render 1`] = `
<div
  className="coming-soon"
>
  <div
    className="bg-video"
    style={
      Object {
        "height": "360px",
        "width": "640px",
      }
    }
  />
  <div
    className="content"
  >
    <h1
      className="ant-typography title"
      style={
        Object {
          "WebkitLineClamp": undefined,
        }
      }
    >
      Our Website is Coming Soon
    </h1>
    <div
      className="ant-typography text"
      style={
        Object {
          "WebkitLineClamp": undefined,
        }
      }
    >
      We're working hard to finish the development of the site. Sign up below to receive updates and to be noticed when we launch!
    </div>
    <form
      className="ant-form ant-form-horizontal"
      onReset={[Function]}
      onSubmit={[Function]}
    >
      <div
        className="ant-row ant-form-item subscribe-form"
        style={Object {}}
      >
        <div
          className="ant-col ant-form-item-control"
          style={Object {}}
        >
          <div
            className="ant-form-item-control-input"
          >
            <div
              className="ant-form-item-control-input-content"
            >
              <input
                className="ant-input"
                name="email"
                onBlur={[Function]}
                onChange={[Function]}
                onFocus={[Function]}
                onKeyDown={[Function]}
                placeholder="Enter Email address..."
                type="large"
                value=""
              />
              <button
                className="ant-btn ant-btn-primary"
                onClick={[Function]}
                type="submit"
              >
                <span>
                  NOTIFY ME!
                </span>
              </button>
            </div>
          </div>
        </div>
      </div>
    </form>
  </div>
  <nav
    className="social-links"
  >
    <a
      className="social-link"
      href="#twitter"
    >
      <img
        alt="twitter"
        className="social-icon"
        src="/images/twitter.png"
      />
    </a>
    <a
      className="social-link"
      href="#telegram"
    >
      <img
        alt="telegram"
        className="social-icon"
        src="/images/telegram.png"
      />
    </a>
  </nav>
</div>
`;
