// Jest Snapshot v1, https://goo.gl/fbAQLP

exports[`PostCardList Should successfully render 1`] = `
<div
  className="ant-row"
  style={
    Object {
      "marginBottom": -12,
      "marginLeft": -12,
      "marginRight": -12,
      "marginTop": -12,
    }
  }
>
  <div
    className="ant-col ant-col-24"
    style={
      Object {
        "paddingBottom": 12,
        "paddingLeft": 12,
        "paddingRight": 12,
        "paddingTop": 12,
      }
    }
  >
    <div
      className="ant-card ant-card-bordered post-feature-card"
    >
      <div
        className="ant-card-cover"
      >
        <img
          alt="card-img"
          src="post image"
        />
      </div>
      <div
        className="ant-card-body"
        style={Object {}}
      >
        <div
          className="ant-card-meta"
        >
          <div
            className="ant-card-meta-detail"
          >
            <div
              className="ant-card-meta-description"
            >
               post date
            </div>
          </div>
        </div>
        <h2
          className="ant-typography"
          style={
            Object {
              "WebkitLineClamp": undefined,
            }
          }
        >
           post title
        </h2>
        <div
          className="ant-typography post-text"
          style={
            Object {
              "WebkitLineClamp": undefined,
            }
          }
        >
          post text
        </div>
        <a
          href="/blog/1"
          onClick={[Function]}
        >
          Read more
        </a>
      </div>
    </div>
  </div>
  <div
    className="ant-col ant-col-12"
    style={
      Object {
        "paddingBottom": 12,
        "paddingLeft": 12,
        "paddingRight": 12,
        "paddingTop": 12,
      }
    }
  >
    <div
      className="ant-card ant-card-bordered post-card"
    >
      <div
        className="ant-card-cover"
      >
        <img
          alt="card-img"
          src="post image"
        />
      </div>
      <div
        className="ant-card-body"
        style={Object {}}
      >
        <div
          className="ant-card-meta"
        >
          <div
            className="ant-card-meta-detail"
          >
            <div
              className="ant-card-meta-description"
            >
               post date
            </div>
          </div>
        </div>
        <h2
          className="ant-typography"
          style={
            Object {
              "WebkitLineClamp": undefined,
            }
          }
        >
           post title
        </h2>
        <div
          className="ant-typography post-text"
          style={
            Object {
              "WebkitLineClamp": undefined,
            }
          }
        >
          post text
        </div>
        <a
          href="/blog/1"
          onClick={[Function]}
        >
          Read more
        </a>
      </div>
    </div>
  </div>
</div>
`;
