// Jest Snapshot v1, https://goo.gl/fbAQLP

exports[`PostCardList Should successfully render 1`] = `
<div
  className="ant-row"
  style={
    Object {
      "marginBottom": -12,
      "marginLeft": -12,
      "marginRight": -12,
      "marginTop": -12,
    }
  }
>
  <div
    className="ant-col ant-col-24"
    style={
      Object {
        "paddingBottom": 12,
        "paddingLeft": 12,
        "paddingRight": 12,
        "paddingTop": 12,
      }
    }
  >
    <div
      className="ant-card ant-card-bordered post-feature-card"
    >
      <div
        className="ant-card-cover"
      >
        <img
          alt="card-img"
          src="post image"
        />
      </div>
      <div
        className="ant-card-body"
        style={Object {}}
      >
        <div
          className="ant-card-meta"
        >
          <div
            className="ant-card-meta-detail"
          >
            <div
              className="ant-card-meta-description"
            >
               post date
            </div>
          </div>
        </div>
        <h2
          className="ant-typography"
          style={
            Object {
              "WebkitLineClamp": undefined,
            }
          }
        >
           post title
        </h2>
        <div
          className="ant-typography post-text"
          style={
            Object {
              "WebkitLineClamp": undefined,
            }
          }
        >
          post text
        </div>
        <a
          className="ant-btn ant-btn-link button-feature-card"
          href="#"
          onClick={[Function]}
        >
          <span>
            Read more
          </span>
          <span
            aria-label="arrow-right"
            className="anticon anticon-arrow-right"
            role="img"
          >
            <svg
              aria-hidden="true"
              data-icon="arrow-right"
              fill="currentColor"
              focusable="false"
              height="1em"
              viewBox="64 64 896 896"
              width="1em"
            >
              <path
                d="M869 487.8L491.2 159.9c-2.9-2.5-6.6-3.9-10.5-3.9h-88.5c-7.4 0-10.8 9.2-5.2 14l350.2 304H152c-4.4 0-8 3.6-8 8v60c0 4.4 3.6 8 8 8h585.1L386.9 854c-5.6 4.9-2.2 14 5.2 14h91.5c1.9 0 3.8-.7 5.2-2L869 536.2a32.07 32.07 0 000-48.4z"
              />
            </svg>
          </span>
        </a>
      </div>
    </div>
  </div>
  <div
    className="ant-col ant-col-12"
    style={
      Object {
        "paddingBottom": 12,
        "paddingLeft": 12,
        "paddingRight": 12,
        "paddingTop": 12,
      }
    }
  >
    <div
      className="ant-card ant-card-bordered post-card"
    >
      <div
        className="ant-card-cover"
      >
        <img
          alt="card-img"
          src="post image"
        />
      </div>
      <div
        className="ant-card-body"
        style={Object {}}
      >
        <div
          className="ant-card-meta"
        >
          <div
            className="ant-card-meta-detail"
          >
            <div
              className="ant-card-meta-description"
            >
               post date
            </div>
          </div>
        </div>
        <h2
          className="ant-typography"
          style={
            Object {
              "WebkitLineClamp": undefined,
            }
          }
        >
           post title
        </h2>
        <div
          className="ant-typography post-text"
          style={
            Object {
              "WebkitLineClamp": undefined,
            }
          }
        >
          post text
        </div>
        <a
          className="ant-btn ant-btn-link button-card"
          href="#"
          onClick={[Function]}
        >
          <span>
            Read more
          </span>
          <span
            aria-label="arrow-right"
            className="anticon anticon-arrow-right"
            role="img"
          >
            <svg
              aria-hidden="true"
              data-icon="arrow-right"
              fill="currentColor"
              focusable="false"
              height="1em"
              viewBox="64 64 896 896"
              width="1em"
            >
              <path
                d="M869 487.8L491.2 159.9c-2.9-2.5-6.6-3.9-10.5-3.9h-88.5c-7.4 0-10.8 9.2-5.2 14l350.2 304H152c-4.4 0-8 3.6-8 8v60c0 4.4 3.6 8 8 8h585.1L386.9 854c-5.6 4.9-2.2 14 5.2 14h91.5c1.9 0 3.8-.7 5.2-2L869 536.2a32.07 32.07 0 000-48.4z"
              />
            </svg>
          </span>
        </a>
      </div>
    </div>
  </div>
</div>
`;
