// Jest Snapshot v1, https://goo.gl/fbAQLP

exports[`BlogHeader Should successfully render 1`] = `
<div
  className="ant-page-header blog-header ant-page-header-ghost"
>
  <div
    className="ant-page-header-content"
  >
    <h1
      className="ant-typography blog-header__title"
      style={
        Object {
          "WebkitLineClamp": undefined,
        }
      }
    >
      Blog Title
    </h1>
    <h3
      className="ant-typography ant-typography-secondary blog-header__subtitle"
      style={
        Object {
          "WebkitLineClamp": undefined,
        }
      }
    >
      Blog Subtitle
    </h3>
  </div>
</div>
`;
